poc:
 - id: 2
   name: test2
   date: 2018-03-13